// Jest Snapshot v1, https://goo.gl/fbAQLP

exports[`SocialLogin Snapshots matches snapshot 1`] = `
<div
  class="socialLogin"
>
  <button
    class="socialButton googleButton"
  >
    <img
      alt="Google"
      class="socialIcon"
      src="google.png"
    />
    <span>
      Continue With Google
    </span>
  </button>
  <button
    class="socialButton facebookButton"
  >
    <img
      alt="Facebook"
      class="socialIcon"
      src="facebook.png"
    />
    <span>
      Continue With Facebook
    </span>
  </button>
</div>
`;
